2026-05-12 07:55:43,556 INFO Server starting...
2026-05-12 07:55:45,446 INFO Server stopped.
2026-05-12 07:56:02,115 INFO Server starting...
2026-05-12 07:56:11,156 INFO Connected by ('127.0.0.1', 64637)
2026-05-12 07:56:11,156 INFO Received Hello! Sending Ready!
2026-05-12 07:56:11,167 INFO Metadata and session key verified.
2026-05-12 07:56:11,484 INFO Verified and decrypted part 1
2026-05-12 07:56:11,629 INFO Verified and decrypted part 2
2026-05-12 07:56:11,780 INFO Verified and decrypted part 3
2026-05-12 07:56:11,789 INFO SUCCESS: File saved to received_2FC - Googdie - TH.mp3
2026-05-12 08:06:43,190 INFO Đang khởi động Server...
2026-05-12 08:06:43,232 INFO Server đã sẵn sàng tại 127.0.0.1:65432
2026-05-12 08:06:44,304 INFO Đã dừng Server.
2026-05-12 08:09:04,195 INFO Đang khởi động Server...
2026-05-12 08:09:04,235 INFO Server đã sẵn sàng tại 127.0.0.1:65432
2026-05-12 08:09:04,975 INFO Phát hiện kết nối từ: ('127.0.0.1', 50906)
2026-05-12 08:09:04,987 INFO Nhận 'Hello!'. Phản hồi 'Ready!'.
2026-05-12 08:09:04,996 INFO Xác thực Metadata và Giải mã Khóa phiên thành công. (File: 3in1 - Slex.mp3)
2026-05-12 08:09:05,360 INFO Đã xác thực và giải mã đoạn 1/3
2026-05-12 08:09:05,554 INFO Đã xác thực và giải mã đoạn 2/3
2026-05-12 08:09:05,749 INFO Đã xác thực và giải mã đoạn 3/3
2026-05-12 08:09:05,758 INFO HOÀN TẤT: File đã được lưu thành received_3in1 - Slex.mp3
2026-05-12 08:12:43,652 INFO Đang khởi động Server...
2026-05-12 08:12:43,690 INFO Server đã sẵn sàng tại 127.0.0.1:65432
2026-05-12 08:12:51,799 INFO Phát hiện kết nối từ: ('127.0.0.1', 50943)
2026-05-12 08:12:54,345 INFO Nhận 'Hello!'. Phản hồi 'Ready!'.
2026-05-12 08:12:59,776 INFO Xác thực Metadata và Giải mã Khóa phiên thành công. (File: 3in1 - Slex.mp3)
2026-05-12 08:13:02,099 INFO Đã xác thực và giải mã đoạn 1/3
2026-05-12 08:13:02,284 INFO Đã xác thực và giải mã đoạn 2/3
2026-05-12 08:13:02,490 INFO Đã xác thực và giải mã đoạn 3/3
2026-05-12 08:13:02,500 INFO HOÀN TẤT: File đã được lưu thành received_3in1 - Slex.mp3
2026-05-12 08:14:12,005 INFO Server đã sẵn sàng.
2026-05-12 08:14:12,790 INFO Phát hiện kết nối từ ('127.0.0.1', 50974)
2026-05-12 08:14:15,276 INFO Đã nhận lời chào: 'Hello!'
2026-05-12 08:14:15,276 INFO --- ĐANG CHỜ XÁC NHẬN: Phản hồi 'Ready!' để bắt tay? ---
2026-05-12 08:14:17,205 INFO Đã gửi 'Ready!'.
2026-05-12 08:14:20,232 INFO Nhận yêu cầu truyền file: Day By Day - Thái hoàng.mp3
2026-05-12 08:14:20,232 INFO --- ĐANG CHỜ XÁC NHẬN: Xác thực Metadata và Giải mã Khóa phiên? ---
2026-05-12 08:14:23,147 INFO Xác thực Metadata và Khóa phiên thành công.
2026-05-12 08:14:23,147 INFO --- ĐANG CHỜ XÁC NHẬN: Bắt đầu nhận và giải mã 3 đoạn dữ liệu? ---
2026-05-12 08:14:29,742 INFO Đã nhận & giải mã đoạn 1/3
2026-05-12 08:14:29,872 INFO Đã nhận & giải mã đoạn 2/3
2026-05-12 08:14:30,004 INFO Đã nhận & giải mã đoạn 3/3
2026-05-12 08:14:30,012 INFO HOÀN TẤT: Đã ghép và lưu file thành công!
2026-05-12 08:18:05,354 INFO Server đã sẵn sàng.
2026-05-12 08:18:14,565 INFO Phát hiện kết nối từ ('127.0.0.1', 51892)
2026-05-12 08:18:16,186 INFO Đã nhận lời chào: 'Hello!'
2026-05-12 08:18:16,190 INFO --- ĐANG CHỜ XÁC NHẬN: Phản hồi 'Ready!' để bắt tay? ---
2026-05-12 08:18:18,618 INFO Đã gửi 'Ready!'.
2026-05-12 08:18:18,626 INFO Nhận yêu cầu truyền file: Chỉ Còn Những Mùa Nhớ  - TH.mp3
2026-05-12 08:18:18,626 INFO --- ĐANG CHỜ XÁC NHẬN: Xác thực Metadata và Giải mã Khóa phiên? ---
2026-05-12 08:18:34,400 INFO LỖI: Timestamp hết hạn!
2026-05-12 08:18:39,134 INFO Phát hiện kết nối từ ('127.0.0.1', 51893)
2026-05-12 08:18:40,229 INFO Đã nhận lời chào: 'Hello!'
2026-05-12 08:18:40,232 INFO --- ĐANG CHỜ XÁC NHẬN: Phản hồi 'Ready!' để bắt tay? ---
2026-05-12 08:18:40,665 INFO Đã gửi 'Ready!'.
2026-05-12 08:18:40,676 INFO Nhận yêu cầu truyền file: Chỉ Còn Những Mùa Nhớ  - TH.mp3
2026-05-12 08:18:40,679 INFO --- ĐANG CHỜ XÁC NHẬN: Xác thực Metadata và Giải mã Khóa phiên? ---
2026-05-12 08:18:41,899 INFO LỖI: Timestamp hết hạn!
2026-05-12 08:22:47,530 INFO Hệ thống máy nhận đã sẵn sàng.
2026-05-12 08:22:50,711 INFO Phát hiện kết nối từ ('127.0.0.1', 61228)
2026-05-12 08:22:53,216 INFO Handshake thành công.
2026-05-12 08:22:54,566 INFO Nhận yêu cầu: Bánh Trôi Nước - Thái Hoàng Remix.mp3 (ID: 349AF63E53C2EA76)
2026-05-12 08:23:04,270 INFO Giải mã khóa RSA thành công (0.0051s). Khóa: 074FD61F2645162A089E3B1A76BF3E0898858F890EF8F4DC
2026-05-12 08:23:10,995 INFO Đoạn 1/3: Đã giải mã thành công (Time: 0.1454s)
2026-05-12 08:23:11,372 INFO Đoạn 2/3: Đã giải mã thành công (Time: 0.1442s)
2026-05-12 08:23:11,755 INFO Đoạn 3/3: Đã giải mã thành công (Time: 0.1408s)
2026-05-12 08:23:11,772 INFO HOÀN TẤT: Đã nhận và ghép file thành công!
2026-05-18 13:00:53,767 INFO Hệ thống máy nhận đã sẵn sàng.
2026-05-18 13:01:03,465 INFO Phát hiện kết nối từ ('127.0.0.1', 61629)
2026-05-18 13:01:11,550 INFO Handshake thành công.
2026-05-18 13:01:14,820 INFO Nhận yêu cầu: CAM ON VI TAT CA - THAI HOANG.mp3 (ID: 0193E6C5E1D91321)
2026-05-18 13:01:21,491 INFO Giải mã khóa RSA thành công (0.0087s). Khóa: 02018A047F522FEFE5D6E63D8FEA4AB5F86E2C979D891F4A
2026-05-18 13:01:28,534 INFO Đoạn 1/3: Đã giải mã thành công (Time: 0.1423s)
2026-05-18 13:01:28,913 INFO Đoạn 2/3: Đã giải mã thành công (Time: 0.1440s)
2026-05-18 13:01:29,292 INFO Đoạn 3/3: Đã giải mã thành công (Time: 0.1401s)
2026-05-18 13:01:29,303 INFO HOÀN TẤT: Đã nhận và ghép file thành công!
2026-05-19 07:22:06,812 INFO Hệ thống máy nhận đã sẵn sàng tại cổng 65432.
2026-05-19 07:27:02,116 INFO Hệ thống máy nhận đã sẵn sàng tại cổng 65432.
2026-05-19 07:27:08,415 INFO Phát hiện kết nối từ ('127.0.0.1', 56378)
2026-05-19 07:27:08,421 INFO Đang phản hồi bắt tay (Ready!).
2026-05-19 07:27:08,425 INFO Nhận yêu cầu file: 3in1 - Slex.mp3
2026-05-19 07:27:08,429 INFO Giải mã khóa Phiên RSA thành công.
2026-05-19 07:27:08,807 INFO Đã giải mã thành công Đoạn 1/3.
2026-05-19 07:27:09,160 INFO Đã giải mã thành công Đoạn 2/3.
2026-05-19 07:27:09,539 INFO Đã giải mã thành công Đoạn 3/3.
2026-05-19 07:27:09,555 INFO HOÀN TẤT: Đã nhận và ghép file thành công!
2026-05-19 07:27:16,725 INFO Phát hiện kết nối từ ('127.0.0.1', 56381)
2026-05-19 07:27:16,728 INFO Đang phản hồi bắt tay (Ready!).
2026-05-19 07:27:16,745 INFO Nhận yêu cầu file: 3in1 - Slex.mp3
2026-05-19 07:27:16,749 INFO Giải mã khóa Phiên RSA thành công.
2026-05-19 07:27:17,147 INFO Đã giải mã thành công Đoạn 1/3.
2026-05-19 07:27:17,544 INFO Đã giải mã thành công Đoạn 2/3.
2026-05-19 07:27:17,922 INFO Đã giải mã thành công Đoạn 3/3.
2026-05-19 07:27:17,934 INFO HOÀN TẤT: Đã nhận và ghép file thành công!
2026-05-19 07:32:48,623 INFO Hệ thống máy nhận đã sẵn sàng tại cổng 65432.
2026-05-19 07:32:56,247 INFO Phát hiện kết nối từ ('127.0.0.1', 64297)
2026-05-19 07:32:56,255 INFO Đang phản hồi bắt tay (Ready!).
2026-05-19 07:32:56,263 INFO Nhận yêu cầu file: 3in1 - Slex.mp3
2026-05-19 07:32:56,272 INFO Giải mã khóa Phiên RSA thành công.
2026-05-19 07:32:56,675 INFO Đã giải mã thành công Đoạn 1/3.
2026-05-19 07:32:57,077 INFO Đã giải mã thành công Đoạn 2/3.
2026-05-19 07:32:57,463 INFO Đã giải mã thành công Đoạn 3/3.
2026-05-19 07:32:57,479 INFO HOÀN TẤT: Đã nhận và ghép file thành công!
2026-05-19 07:35:16,159 INFO Hệ thống máy nhận đã sẵn sàng tại cổng 65432.
2026-05-19 07:35:34,616 INFO Phát hiện kết nối từ ('127.0.0.1', 51447)
2026-05-19 07:35:34,622 INFO Đang phản hồi bắt tay (Ready!).
2026-05-19 07:35:34,632 INFO Nhận yêu cầu file: 3in1 - Slex.mp3
2026-05-19 07:35:34,632 INFO Giải mã khóa Phiên RSA thành công.
2026-05-19 07:35:35,046 INFO Đã giải mã thành công Đoạn 1/3.
2026-05-19 07:35:35,427 INFO Đã giải mã thành công Đoạn 2/3.
2026-05-19 07:35:35,806 INFO Đã giải mã thành công Đoạn 3/3.
2026-05-19 07:35:35,815 INFO HOÀN TẤT: Đã nhận và ghép file thành công!
2026-05-19 07:40:13,013 INFO Hệ thống máy nhận đã sẵn sàng tại cổng 65432.
2026-05-19 07:40:13,022 INFO Đang chờ dữ liệu từng bước từ Sender...
2026-05-19 07:40:24,272 INFO Phát hiện kết nối từ ('127.0.0.1', 53385)
2026-05-19 07:40:24,272 INFO Đang phản hồi bắt tay (Ready!). Chờ Metadata...
2026-05-19 07:40:30,326 INFO Phát hiện kết nối từ ('127.0.0.1', 53397)
2026-05-19 07:40:30,326 INFO Đang phản hồi bắt tay (Ready!). Chờ Metadata...
2026-05-19 07:40:38,131 INFO Hệ thống máy nhận đã sẵn sàng tại cổng 65432.
2026-05-19 07:40:38,131 INFO Đang chờ dữ liệu từng bước từ Sender...
2026-05-19 07:40:45,582 INFO Hệ thống máy nhận đã sẵn sàng tại cổng 65432.
2026-05-19 07:40:45,583 INFO Đang chờ dữ liệu từng bước từ Sender...
2026-05-19 07:40:47,706 INFO Phát hiện kết nối từ ('127.0.0.1', 53409)
2026-05-19 07:40:47,706 INFO Đang phản hồi bắt tay (Ready!). Chờ Metadata...
2026-05-19 07:41:00,714 INFO Nhận yêu cầu gửi file: Buồn Của Anh - Thái Hoàng.mp3
2026-05-19 07:41:00,722 INFO Giải mã khóa Phiên RSA thành công. Xác thực chữ ký đúng.
2026-05-19 07:41:00,722 INFO Chờ nhận các đoạn file...
2026-05-19 07:41:15,015 INFO Đã nhận, xác minh và giải mã thành công Đoạn 1/3.
2026-05-19 07:41:19,546 INFO Đã nhận, xác minh và giải mã thành công Đoạn 2/3.
2026-05-19 07:41:23,928 INFO Đã nhận, xác minh và giải mã thành công Đoạn 3/3.
2026-05-19 07:41:23,944 INFO HOÀN TẤT: Đã ghép đủ 3 đoạn và lưu file thành công!
2026-05-19 07:44:46,365 INFO Hệ thống máy nhận đã sẵn sàng tại cổng 65432.
2026-05-19 07:44:46,372 INFO Đang chờ dữ liệu từng bước từ Sender...
2026-05-19 07:44:55,055 INFO Phát hiện kết nối từ ('127.0.0.1', 61032)
2026-05-19 07:44:55,061 INFO Nhận được lời chào: Hello!
2026-05-19 07:44:55,062 INFO Vui lòng nhập và bấm 'GỬI PHẢN HỒI' trên giao diện...
2026-05-19 07:45:03,840 INFO Đang gửi phản hồi: Ready!
2026-05-19 07:45:09,082 INFO Nhận yêu cầu gửi file: 3in1 - Slex.mp3
2026-05-19 07:45:09,086 INFO Giải mã khóa Phiên RSA thành công. Xác thực chữ ký đúng.
2026-05-19 07:45:09,090 INFO Chờ nhận các đoạn file...
2026-05-19 07:45:16,859 INFO Đã nhận, xác minh và giải mã thành công Đoạn 1/3.
2026-05-19 07:45:18,594 INFO Đã nhận, xác minh và giải mã thành công Đoạn 2/3.
2026-05-19 07:45:19,762 INFO Đã nhận, xác minh và giải mã thành công Đoạn 3/3.
2026-05-19 07:45:19,776 INFO HOÀN TẤT: Đã ghép đủ 3 đoạn và lưu file thành công!
2026-05-24 14:59:00,649 INFO Hệ thống máy nhận đã sẵn sàng tại cổng 65432.
2026-05-24 14:59:00,655 INFO Đang chờ dữ liệu từng bước từ Sender...
2026-05-24 14:59:08,153 INFO Phát hiện kết nối từ ('127.0.0.1', 50131)
2026-05-24 14:59:08,155 INFO Nhận được lời chào: Hello!
2026-05-24 14:59:08,156 INFO Vui lòng nhập và bấm 'GỬI PHẢN HỒI' trên giao diện...
2026-05-24 14:59:38,428 INFO Đang gửi phản hồi: Ready!
2026-05-24 15:00:18,311 INFO Nhận yêu cầu gửi file: 01A - AMORE MIO 2025 - KUN REMIX.mp3
2026-05-24 15:00:18,319 INFO Giải mã khóa Phiên RSA thành công. Xác thực chữ ký đúng.
2026-05-24 15:00:18,321 INFO Chờ nhận các đoạn file...
2026-05-24 15:00:21,692 INFO Đã nhận, xác minh và giải mã thành công Đoạn 1/3.
2026-05-24 15:00:25,380 INFO Đã nhận, xác minh và giải mã thành công Đoạn 2/3.
2026-05-24 15:00:26,875 INFO Đã nhận, xác minh và giải mã thành công Đoạn 3/3.
2026-05-24 15:00:26,894 INFO HOÀN TẤT: Đã ghép đủ 3 đoạn và lưu file thành công!
2026-05-24 15:01:08,966 INFO Hệ thống máy nhận đã sẵn sàng tại cổng 65432.
2026-05-24 15:01:08,966 INFO Đang chờ dữ liệu từng bước từ Sender...
2026-05-24 15:01:14,951 INFO Phát hiện kết nối từ ('127.0.0.1', 57189)
2026-05-24 15:01:14,956 INFO Nhận được lời chào: Hello!
2026-05-24 15:01:14,958 INFO Vui lòng nhập và bấm 'GỬI PHẢN HỒI' trên giao diện...
2026-05-24 15:01:49,613 INFO Đang gửi phản hồi: Ready!
2026-05-24 15:01:51,337 INFO Nhận yêu cầu gửi file: 01A - AMORE MIO 2025 - KUN REMIX.mp3
2026-05-24 15:01:51,349 INFO Giải mã khóa Phiên RSA thành công. Xác thực chữ ký đúng.
2026-05-24 15:01:51,355 INFO Chờ nhận các đoạn file...
2026-05-24 15:01:54,194 INFO Đã nhận, xác minh và giải mã thành công Đoạn 1/3.
2026-05-24 15:01:56,518 INFO Đã nhận, xác minh và giải mã thành công Đoạn 2/3.
2026-05-24 15:01:57,518 INFO Đã nhận, xác minh và giải mã thành công Đoạn 3/3.
2026-05-24 15:01:57,552 INFO HOÀN TẤT: Đã ghép đủ 3 đoạn và lưu file thành công!
2026-05-24 15:03:09,130 INFO Hệ thống máy nhận đã sẵn sàng tại cổng 65432.
2026-05-24 15:03:09,132 INFO Đang chờ dữ liệu từng bước từ Sender...
2026-05-24 15:03:12,691 INFO Phát hiện kết nối từ ('127.0.0.1', 53145)
2026-05-24 15:03:12,701 INFO Nhận được lời chào: Hello!
2026-05-24 15:03:12,705 INFO Vui lòng nhập và bấm 'GỬI PHẢN HỒI' trên giao diện...
2026-05-24 15:03:16,396 INFO Đang gửi phản hồi: Ready!
2026-05-24 15:03:19,514 INFO Nhận yêu cầu gửi file: 01A - AMORE MIO 2025 - KUN REMIX.mp3
2026-05-24 15:03:19,522 INFO Giải mã khóa Phiên RSA thành công. Xác thực chữ ký đúng.
2026-05-24 15:03:19,525 INFO Chờ nhận các đoạn file...
2026-05-24 15:03:21,949 ERROR [SECURITY] Lỗi toàn vẹn (Hash mismatch) tại đoạn 1!
2026-05-26 07:43:17,081 INFO Hệ thống máy nhận đã sẵn sàng tại cổng 65432.
2026-05-26 07:43:17,087 INFO Đang chờ dữ liệu từng bước từ Sender...
2026-05-26 07:43:30,909 INFO Phát hiện kết nối từ ('127.0.0.1', 50139)
2026-05-26 07:43:30,909 INFO Nhận được lời chào: Hello!
2026-05-26 07:43:30,909 INFO Vui lòng nhập và bấm 'GỬI PHẢN HỒI' trên giao diện...
2026-05-26 07:43:37,895 INFO Đang gửi phản hồi: Ready!
2026-05-26 07:43:40,323 INFO Nhận yêu cầu gửi file: 07A - Se Khong Con Nua - Dani x Vkey .mp3
2026-05-26 07:43:40,334 INFO Giải mã khóa Phiên RSA thành công. Xác thực chữ ký đúng.
2026-05-26 07:43:40,346 INFO Chờ nhận các đoạn file...
2026-05-26 07:43:45,147 INFO Đã nhận, xác minh và giải mã thành công Đoạn 1/3.
2026-05-26 07:43:47,189 INFO Đã nhận, xác minh và giải mã thành công Đoạn 2/3.
2026-05-26 07:43:48,705 INFO Đã nhận, xác minh và giải mã thành công Đoạn 3/3.
2026-05-26 07:43:48,739 INFO HOÀN TẤT: Đã ghép đủ 3 đoạn và lưu file thành công!
2026-05-26 07:44:05,386 INFO Phát hiện kết nối từ ('127.0.0.1', 60921)
2026-05-26 07:44:05,399 INFO Nhận được lời chào: Hello!
2026-05-26 07:44:05,399 INFO Vui lòng nhập và bấm 'GỬI PHẢN HỒI' trên giao diện...
2026-05-26 07:44:13,336 INFO Đang gửi phản hồi: Ready!
2026-05-26 07:44:19,167 INFO Nhận yêu cầu gửi file: 07A - Se Khong Con Nua - Dani x Vkey .mp3
2026-05-26 07:44:19,177 INFO Giải mã khóa Phiên RSA thành công. Xác thực chữ ký đúng.
2026-05-26 07:44:19,199 INFO Chờ nhận các đoạn file...
2026-05-26 07:44:23,948 INFO Đã nhận, xác minh và giải mã thành công Đoạn 1/3.
2026-05-26 07:44:34,786 INFO Đã nhận, xác minh và giải mã thành công Đoạn 2/3.
2026-05-26 07:44:36,450 INFO Đã nhận, xác minh và giải mã thành công Đoạn 3/3.
2026-05-26 07:44:36,471 INFO HOÀN TẤT: Đã ghép đủ 3 đoạn và lưu file thành công!
2026-05-26 07:44:57,649 INFO Phát hiện kết nối từ ('127.0.0.1', 60927)
2026-05-26 07:44:57,677 INFO Nhận được lời chào: Hello!
2026-05-26 07:44:57,680 INFO Vui lòng nhập và bấm 'GỬI PHẢN HỒI' trên giao diện...
2026-05-26 07:44:59,599 INFO Đang gửi phản hồi: Ready!
2026-05-26 07:45:06,245 INFO Nhận yêu cầu gửi file: 07A - Se Khong Con Nua - Dani x Vkey .mp3
2026-05-26 07:45:06,267 INFO Giải mã khóa Phiên RSA thành công. Xác thực chữ ký đúng.
2026-05-26 07:45:06,276 INFO Chờ nhận các đoạn file...
2026-05-26 07:45:10,248 ERROR [SECURITY] Lỗi toàn vẹn (Hash mismatch) tại đoạn 1!
2026-07-07 02:09:09,138 INFO Hệ thống máy nhận đã sẵn sàng tại cổng 65432.
2026-07-07 02:09:09,139 INFO Đang chờ dữ liệu từng bước từ Sender...
2026-07-07 02:16:40,271 INFO Hệ thống máy nhận đã sẵn sàng tại cổng 65432.
2026-07-07 02:16:40,272 INFO Đang chờ dữ liệu từng bước từ Sender...
2026-07-07 02:16:56,084 INFO Phát hiện kết nối từ ('127.0.0.1', 60447)
2026-07-07 02:16:56,087 INFO Nhận được lời chào bắt tay: 'Hello!'
2026-07-07 02:16:56,088 INFO Vui lòng nhập phản hồi và bấm 'GỬI PHẢN HỒI' trên giao diện...
2026-07-07 02:16:59,934 INFO Đang gửi phản hồi bắt tay: 'Ready!'
2026-07-07 02:17:10,905 INFO Nhận yêu cầu truyền file: 2026-05-26 10-26-49.mp4
2026-07-07 02:17:10,909 INFO Giải mã khóa phiên RSA thành công. Chữ ký số Metadata hợp lệ.
2026-07-07 02:17:10,910 INFO Sẵn sàng nhận các đoạn dữ liệu mã hóa...
2026-07-07 02:17:26,060 INFO Đã nhận, xác minh và giải mã thành công Đoạn 1/3.
2026-07-07 02:17:29,944 INFO Đã nhận, xác minh và giải mã thành công Đoạn 2/3.
2026-07-07 02:17:31,023 INFO Đã nhận, xác minh và giải mã thành công Đoạn 3/3.
2026-07-07 02:17:31,029 ERROR Lỗi xử lý kết nối: name 'ten_file' is not defined
2026-07-07 02:17:47,715 INFO Phát hiện kết nối từ ('127.0.0.1', 60456)
2026-07-07 02:17:47,718 INFO Nhận được lời chào bắt tay: 'Hello!'
2026-07-07 02:17:47,718 INFO Vui lòng nhập phản hồi và bấm 'GỬI PHẢN HỒI' trên giao diện...
2026-07-07 02:17:48,950 INFO Đang gửi phản hồi bắt tay: 'Ready!'
2026-07-07 02:17:50,137 INFO Nhận yêu cầu truyền file: Roblox-2026-05-29T14_31_30.166Z.mp4
2026-07-07 02:17:50,142 INFO Giải mã khóa phiên RSA thành công. Chữ ký số Metadata hợp lệ.
2026-07-07 02:17:50,146 INFO Sẵn sàng nhận các đoạn dữ liệu mã hóa...
2026-07-07 02:17:51,353 INFO Đã nhận, xác minh và giải mã thành công Đoạn 1/3.
2026-07-07 02:17:52,108 INFO Đã nhận, xác minh và giải mã thành công Đoạn 2/3.
2026-07-07 02:17:53,153 INFO Đã nhận, xác minh và giải mã thành công Đoạn 3/3.
2026-07-07 02:17:53,158 ERROR Lỗi xử lý kết nối: name 'ten_file' is not defined
2026-07-07 02:19:02,154 INFO Hệ thống máy nhận đã sẵn sàng tại cổng 65432.
2026-07-07 02:19:02,156 INFO Đang chờ dữ liệu từng bước từ Sender...
2026-07-07 02:19:09,231 INFO Phát hiện kết nối từ ('127.0.0.1', 61217)
2026-07-07 02:19:09,234 INFO Nhận được lời chào bắt tay: 'Hello!'
2026-07-07 02:19:09,235 INFO Vui lòng nhập phản hồi và bấm 'GỬI PHẢN HỒI' trên giao diện...
2026-07-07 02:19:14,022 INFO Đang gửi phản hồi bắt tay: 'Ready!'
2026-07-07 02:19:14,862 INFO Nhận yêu cầu truyền file: received_CAM ON VI TAT CA - THAI HOANG.mp3
2026-07-07 02:19:14,868 INFO Giải mã khóa phiên RSA thành công. Chữ ký số Metadata hợp lệ.
2026-07-07 02:19:14,869 INFO Sẵn sàng nhận các đoạn dữ liệu mã hóa...
2026-07-07 02:19:17,569 INFO Đã nhận, xác minh và giải mã thành công Đoạn 1/3.
2026-07-07 02:19:17,992 INFO Đã nhận, xác minh và giải mã thành công Đoạn 2/3.
2026-07-07 02:19:19,255 INFO Đã nhận, xác minh và giải mã thành công Đoạn 3/3.
2026-07-07 02:19:19,260 ERROR Lỗi xử lý kết nối: name 'ten_file' is not defined
2026-07-07 02:24:29,293 INFO Phát hiện kết nối từ ('127.0.0.1', 59927)
2026-07-07 02:24:29,303 INFO Nhận được lời chào bắt tay: 'Hello!'
2026-07-07 02:24:29,306 INFO Vui lòng nhập phản hồi và bấm 'GỬI PHẢN HỒI' trên giao diện...
2026-07-07 02:30:44,345 INFO Hệ thống máy nhận đã sẵn sàng tại cổng 65432.
2026-07-07 02:30:44,346 INFO Đang chờ dữ liệu từng bước từ Sender...
2026-07-07 02:30:45,070 INFO Phát hiện kết nối từ ('127.0.0.1', 59173)
2026-07-07 02:30:45,071 INFO Nhận được lời chào bắt tay: 'Hello!'
2026-07-07 02:30:45,072 INFO Vui lòng nhập phản hồi và bấm 'GỬI PHẢN HỒI' trên giao diện...
2026-07-07 02:30:45,994 INFO Đang gửi phản hồi bắt tay: 'Ready!'
2026-07-07 02:30:47,794 INFO Nhận yêu cầu truyền file: received_CAM ON VI TAT CA - THAI HOANG.mp3
2026-07-07 02:30:47,800 INFO Giải mã khóa phiên RSA thành công. Chữ ký số Metadata hợp lệ.
2026-07-07 02:30:47,800 INFO Sẵn sàng nhận các đoạn dữ liệu mã hóa...
2026-07-07 02:30:59,912 INFO Đã nhận, xác minh và giải mã thành công Đoạn 1/3.
2026-07-07 02:31:01,222 INFO Đã nhận, xác minh và giải mã thành công Đoạn 2/3.
2026-07-07 02:31:02,697 INFO Đã nhận, xác minh và giải mã thành công Đoạn 3/3.
2026-07-07 02:31:02,704 ERROR Lỗi xử lý kết nối: name 'ten_file' is not defined
2026-07-07 02:32:40,785 INFO Phát hiện kết nối từ ('127.0.0.1', 56371)
2026-07-07 02:32:40,788 INFO Nhận được lời chào bắt tay: 'Hello!'
2026-07-07 02:32:40,789 INFO Vui lòng nhập phản hồi và bấm 'GỬI PHẢN HỒI' trên giao diện...
2026-07-07 02:32:41,450 INFO Đang gửi phản hồi bắt tay: 'Ready!'
2026-07-07 02:32:42,091 INFO Nhận yêu cầu truyền file: RIGHT NOW - RAN B ft SD.mp3
2026-07-07 02:32:42,096 INFO Giải mã khóa phiên RSA thành công. Chữ ký số Metadata hợp lệ.
2026-07-07 02:32:42,100 INFO Sẵn sàng nhận các đoạn dữ liệu mã hóa...
2026-07-07 02:32:42,689 INFO Đã nhận, xác minh và giải mã thành công Đoạn 1/3.
2026-07-07 02:32:43,140 INFO Đã nhận, xác minh và giải mã thành công Đoạn 2/3.
2026-07-07 02:32:43,910 INFO Đã nhận, xác minh và giải mã thành công Đoạn 3/3.
2026-07-07 02:32:43,918 ERROR Lỗi xử lý kết nối: name 'ten_file' is not defined
2026-07-07 02:35:39,923 INFO Hệ thống máy nhận đã sẵn sàng tại cổng 65432.
2026-07-07 02:35:39,928 INFO Đang chờ dữ liệu từng bước từ Sender...
2026-07-07 02:35:40,741 INFO Phát hiện kết nối từ ('127.0.0.1', 60694)
2026-07-07 02:35:40,743 INFO Nhận được lời chào bắt tay: 'Hello!'
2026-07-07 02:35:40,745 INFO Vui lòng nhập phản hồi và bấm 'GỬI PHẢN HỒI' trên giao diện...
2026-07-07 02:35:43,360 INFO Đang gửi phản hồi bắt tay: 'Ready!'
2026-07-07 02:35:46,581 INFO Nhận yêu cầu truyền file: RIGHT NOW - RAN B ft SD.mp3
2026-07-07 02:35:46,585 INFO Giải mã khóa phiên RSA thành công. Chữ ký số Metadata hợp lệ.
2026-07-07 02:35:46,586 INFO Sẵn sàng nhận các đoạn dữ liệu mã hóa...
2026-07-07 02:35:52,805 INFO Đã nhận, xác minh và giải mã thành công Đoạn 1/3.
2026-07-07 02:35:53,557 INFO Đã nhận, xác minh và giải mã thành công Đoạn 2/3.
2026-07-07 02:35:54,264 INFO Đã nhận, xác minh và giải mã thành công Đoạn 3/3.
2026-07-07 02:35:54,275 INFO HOÀN TẤT: Đã ghép đủ các đoạn và lưu file thành công: received_RIGHT NOW - RAN B ft SD.mp3
2026-07-07 02:36:17,368 INFO Phát hiện kết nối từ ('127.0.0.1', 56752)
2026-07-07 02:36:17,373 INFO Nhận được lời chào bắt tay: 'Hello!'
2026-07-07 02:36:17,376 INFO Vui lòng nhập phản hồi và bấm 'GỬI PHẢN HỒI' trên giao diện...
2026-07-07 02:36:19,516 INFO Đang gửi phản hồi bắt tay: 'Ready!'
2026-07-07 02:36:22,963 INFO Nhận yêu cầu truyền file: RIGHT NOW - RAN B ft SD.mp3
2026-07-07 02:36:22,968 INFO Giải mã khóa phiên RSA thành công. Chữ ký số Metadata hợp lệ.
2026-07-07 02:36:22,968 INFO Sẵn sàng nhận các đoạn dữ liệu mã hóa...
2026-07-07 02:36:26,318 INFO Đã nhận, xác minh và giải mã thành công Đoạn 1/3.
2026-07-07 02:36:27,000 INFO Đã nhận, xác minh và giải mã thành công Đoạn 2/3.
2026-07-07 02:36:27,793 INFO Đã nhận, xác minh và giải mã thành công Đoạn 3/3.
2026-07-07 02:36:27,812 INFO HOÀN TẤT: Đã ghép đủ các đoạn và lưu file thành công: received_RIGHT NOW - RAN B ft SD.mp3
2026-07-07 02:36:39,268 INFO Phát hiện kết nối từ ('127.0.0.1', 52684)
2026-07-07 02:36:39,273 INFO Nhận được lời chào bắt tay: 'Hello!'
2026-07-07 02:36:39,275 INFO Vui lòng nhập phản hồi và bấm 'GỬI PHẢN HỒI' trên giao diện...
2026-07-07 02:36:40,358 INFO Đang gửi phản hồi bắt tay: 'Ready!'
2026-07-07 02:36:42,830 INFO Nhận yêu cầu truyền file: RIGHT NOW - RAN B ft SD.mp3
2026-07-07 02:36:42,836 INFO Giải mã khóa phiên RSA thành công. Chữ ký số Metadata hợp lệ.
2026-07-07 02:36:42,842 INFO Sẵn sàng nhận các đoạn dữ liệu mã hóa...
2026-07-07 02:36:49,323 ERROR [SECURITY] Lỗi toàn vẹn dữ liệu (Hash mismatch) tại Đoạn 1!
