2026-05-12 07:56:11,152 INFO Connected to receiver.
2026-05-12 07:56:11,154 INFO Sent Hello!
2026-05-12 07:56:11,156 INFO Received Ready!
2026-05-12 07:56:11,165 INFO Sent metadata and session key.
2026-05-12 07:56:11,342 INFO Sent part 1
2026-05-12 07:56:11,484 INFO Sent part 2
2026-05-12 07:56:11,635 INFO Sent part 3
2026-05-12 07:56:11,793 INFO SUCCESS: File transfer completed!
2026-05-12 08:09:01,594 INFO Lỗi kết nối/truyền tin: [WinError 10061] No connection could be made because the target machine actively refused it
2026-05-12 08:09:04,986 INFO Đã kết nối tới máy nhận.
2026-05-12 08:09:04,987 INFO Gửi lời chào: Hello!
2026-05-12 08:09:04,987 INFO Máy nhận phản hồi: Ready!
2026-05-12 08:09:04,992 INFO Đã gửi Metadata và Khóa phiên (đã mã hóa RSA).
2026-05-12 08:09:04,997 INFO Metadata đã được xác thực.
2026-05-12 08:09:05,016 INFO Bắt đầu chia file làm 3 đoạn và mã hóa Triple DES...
2026-05-12 08:09:05,200 INFO Đã gửi đoạn 1/3 (Kích thước: 4634147 bytes)
2026-05-12 08:09:05,205 INFO --> Đã lưu bản mã hóa của đoạn 1 vào file: ma_hoa_doan_1.bin
2026-05-12 08:09:05,384 INFO Đã gửi đoạn 2/3 (Kích thước: 4634147 bytes)
2026-05-12 08:09:05,392 INFO --> Đã lưu bản mã hóa của đoạn 2 vào file: ma_hoa_doan_2.bin
2026-05-12 08:09:05,577 INFO Đã gửi đoạn 3/3 (Kích thước: 4634147 bytes)
2026-05-12 08:09:05,582 INFO --> Đã lưu bản mã hóa của đoạn 3 vào file: ma_hoa_doan_3.bin
2026-05-12 08:09:05,758 INFO THÀNH CÔNG: File đã được truyền và xác thực hoàn tất!
2026-05-12 08:12:51,804 INFO Đã kết nối Socket tới máy nhận.
2026-05-12 08:12:51,805 INFO --- ĐANG DỪNG: Hãy nhấn 'BƯỚC TIẾP THEO' để thực hiện Handshake (Bắt tay) ---
2026-05-12 08:12:54,347 INFO SENDER -> RECEIVER: 'Hello!'
2026-05-12 08:12:54,347 INFO RECEIVER -> SENDER: 'Ready!'
2026-05-12 08:12:54,350 INFO --- ĐANG DỪNG: Hãy nhấn 'BƯỚC TIẾP THEO' để Gửi Metadata và Trao đổi khóa RSA ---
2026-05-12 08:12:59,772 INFO SENDER -> RECEIVER: Gửi Metadata + Khóa phiên (đã mã hóa RSA)
2026-05-12 08:12:59,777 INFO RECEIVER -> SENDER: 'ACK' (Đã xác thực xong Metadata)
2026-05-12 08:12:59,780 INFO --- ĐANG DỪNG: Hãy nhấn 'BƯỚC TIẾP THEO' để Chia 3 đoạn và mã hóa Triple DES để gửi ---
2026-05-12 08:13:01,937 INFO SENDER -> RECEIVER: Đã gửi đoạn 1/3
2026-05-12 08:13:02,122 INFO SENDER -> RECEIVER: Đã gửi đoạn 2/3
2026-05-12 08:13:02,312 INFO SENDER -> RECEIVER: Đã gửi đoạn 3/3
2026-05-12 08:13:02,500 INFO KẾT QUẢ: Truyền file THÀNH CÔNG!
2026-05-12 08:14:11,899 INFO Lỗi: [WinError 10061] No connection could be made because the target machine actively refused it
2026-05-12 08:14:12,790 INFO Đã kết nối Socket tới máy nhận.
2026-05-12 08:14:12,790 INFO --- ĐANG DỪNG: Hãy nhấn 'BƯỚC TIẾP THEO' để thực hiện Handshake (Bắt tay) ---
2026-05-12 08:14:15,272 INFO SENDER -> RECEIVER: 'Hello!'
2026-05-12 08:14:17,205 INFO RECEIVER -> SENDER: 'Ready!'
2026-05-12 08:14:17,212 INFO --- ĐANG DỪNG: Hãy nhấn 'BƯỚC TIẾP THEO' để Gửi Metadata và Trao đổi khóa RSA ---
2026-05-12 08:14:20,230 INFO SENDER -> RECEIVER: Gửi Metadata + Khóa phiên (đã mã hóa RSA)
2026-05-12 08:14:23,147 INFO RECEIVER -> SENDER: 'ACK' (Đã xác thực xong Metadata)
2026-05-12 08:14:23,149 INFO --- ĐANG DỪNG: Hãy nhấn 'BƯỚC TIẾP THEO' để Chia 3 đoạn và mã hóa Triple DES để gửi ---
2026-05-12 08:14:26,408 INFO SENDER -> RECEIVER: Đã gửi đoạn 1/3
2026-05-12 08:14:29,613 INFO SENDER -> RECEIVER: Đã gửi đoạn 2/3
2026-05-12 08:14:29,772 INFO SENDER -> RECEIVER: Đã gửi đoạn 3/3
2026-05-12 08:14:30,014 INFO KẾT QUẢ: Truyền file THÀNH CÔNG!
2026-05-12 08:18:14,562 INFO Đã kết nối Socket tới máy nhận.
2026-05-12 08:18:14,565 INFO --- ĐANG DỪNG: Hãy nhấn 'BƯỚC TIẾP THEO' để thực hiện Handshake (Bắt tay) ---
2026-05-12 08:18:16,186 INFO SENDER -> RECEIVER: 'Hello!'
2026-05-12 08:18:18,618 INFO RECEIVER -> SENDER: 'Ready!'
2026-05-12 08:18:18,618 INFO Đã tạo Khóa phiên Triple DES: 20E973809E25FBBA914CAEAB2F8991E601EF5EE60201E994
2026-05-12 08:18:18,626 INFO SENDER -> RECEIVER: Gửi Metadata + Khóa phiên (đã mã hóa RSA)
2026-05-12 08:18:34,404 INFO Bị từ chối: lỗi integrity (Timestamp expired)
2026-05-12 08:18:39,132 INFO Đã kết nối Socket tới máy nhận.
2026-05-12 08:18:39,134 INFO --- ĐANG DỪNG: Hãy nhấn 'BƯỚC TIẾP THEO' để thực hiện Handshake (Bắt tay) ---
2026-05-12 08:18:40,227 INFO SENDER -> RECEIVER: 'Hello!'
2026-05-12 08:18:40,665 INFO RECEIVER -> SENDER: 'Ready!'
2026-05-12 08:18:40,665 INFO Đã tạo Khóa phiên Triple DES: 078C79383B86A1E932E516EFF1619BC434FB519B45C49E91
2026-05-12 08:18:40,676 INFO SENDER -> RECEIVER: Gửi Metadata + Khóa phiên (đã mã hóa RSA)
2026-05-12 08:18:41,899 INFO Bị từ chối: lỗi integrity (Timestamp expired)
2026-05-12 08:22:50,711 INFO Đã kết nối thành công tới máy nhận.
2026-05-12 08:22:53,216 INFO Handshake thành công (Hello -> Ready).
2026-05-12 08:22:54,565 INFO Đã tạo Khóa phiên Triple DES: 074FD61F2645162A089E3B1A76BF3E0898858F890EF8F4DC
2026-05-12 08:22:54,566 INFO Đã gửi Metadata & Khóa RSA (Thời gian mã hóa RSA: 0.0010s)
2026-05-12 08:23:04,272 INFO Máy nhận đã xác thực Metadata thành công.
2026-05-12 08:23:09,100 INFO Đoạn 1/3: Đã gửi (Time: 0.1537s)
2026-05-12 08:23:11,192 INFO Đoạn 2/3: Đã gửi (Time: 0.1499s)
2026-05-12 08:23:11,580 INFO Đoạn 3/3: Đã gửi (Time: 0.1574s)
2026-05-12 08:23:11,775 INFO TẤT CẢ HOÀN TẤT! File đã được truyền an toàn.
2026-05-18 13:01:03,464 INFO Đã kết nối thành công tới máy nhận.
2026-05-18 13:01:11,550 INFO Handshake thành công (Hello -> Ready).
2026-05-18 13:01:14,815 INFO Đã tạo Khóa phiên Triple DES: 02018A047F522FEFE5D6E63D8FEA4AB5F86E2C979D891F4A
2026-05-18 13:01:14,820 INFO Đã gửi Metadata & Khóa RSA (Thời gian mã hóa RSA: 0.0010s)
2026-05-18 13:01:21,494 INFO Máy nhận đã xác thực Metadata thành công.
2026-05-18 13:01:26,581 INFO Đoạn 1/3: Đã gửi (Time: 0.1569s)
2026-05-18 13:01:28,735 INFO Đoạn 2/3: Đã gửi (Time: 0.1531s)
2026-05-18 13:01:29,118 INFO Đoạn 3/3: Đã gửi (Time: 0.1538s)
2026-05-18 13:01:29,303 INFO TẤT CẢ HOÀN TẤT! File đã được truyền an toàn.
2026-05-19 07:22:22,748 INFO Đang kết nối tới cổng 65433...
2026-05-19 07:22:22,748 INFO Đã kết nối thành công tới cổng 65433.
2026-05-19 07:22:33,790 INFO Handshake thành công (Hello -> Ready).
2026-05-19 07:22:37,972 INFO Đã tạo Khóa phiên Triple DES: 57548F64F4D64FBA38678F762AE5B60254C2BA5E1F2AF729
2026-05-19 07:22:37,982 INFO Đã gửi Metadata & Khóa RSA (Thời gian mã hóa RSA: 0.0000s)
2026-05-19 07:22:38,005 INFO Máy nhận đã xác thực Metadata thành công.
2026-05-19 07:22:42,085 INFO Đoạn 1/3: Đã gửi (Time: 0.1394s)
2026-05-19 07:22:42,303 INFO Đoạn 2/3: Đã gửi (Time: 0.1462s)
2026-05-19 07:22:42,519 INFO Đoạn 3/3: Đã gửi (Time: 0.1466s)
2026-05-19 07:22:42,545 INFO TẤT CẢ HOÀN TẤT! File đã được truyền an toàn.
2026-05-19 07:27:08,415 INFO Đang kết nối tới cổng 65432...
2026-05-19 07:27:08,415 INFO Đã kết nối thành công tới cổng 65432.
2026-05-19 07:27:08,415 INFO Đang gửi Hello! để bắt tay...
2026-05-19 07:27:08,422 INFO Handshake thành công (Hello -> Ready).
2026-05-19 07:27:08,423 INFO Tạo Khóa Phiên & Đóng gói Metadata...
2026-05-19 07:27:08,425 INFO Đã gửi Metadata & Khóa Phiên (Được mã hóa RSA).
2026-05-19 07:27:08,429 INFO Máy nhận đã xác thực Metadata thành công.
2026-05-19 07:27:08,429 INFO Đang mã hóa 3DES và chia nhỏ file thành 3 đoạn...
2026-05-19 07:27:08,638 INFO Đã gửi Đoạn 1/3.
2026-05-19 07:27:08,986 INFO Đã gửi Đoạn 2/3.
2026-05-19 07:27:09,349 INFO Đã gửi Đoạn 3/3.
2026-05-19 07:27:09,555 INFO TẤT CẢ HOÀN TẤT! File đã được truyền an toàn.
2026-05-19 07:27:16,722 INFO Đang kết nối tới cổng 65433...
2026-05-19 07:27:16,725 INFO Đã kết nối thành công tới cổng 65433.
2026-05-19 07:27:16,725 INFO Đang gửi Hello! để bắt tay...
2026-05-19 07:27:16,728 INFO Handshake thành công (Hello -> Ready).
2026-05-19 07:27:16,728 INFO Tạo Khóa Phiên & Đóng gói Metadata...
2026-05-19 07:27:16,734 INFO Đã gửi Metadata & Khóa Phiên (Được mã hóa RSA).
2026-05-19 07:27:16,749 INFO Máy nhận đã xác thực Metadata thành công.
2026-05-19 07:27:16,753 INFO Đang mã hóa 3DES và chia nhỏ file thành 3 đoạn...
2026-05-19 07:27:16,941 INFO Đã gửi Đoạn 1/3.
2026-05-19 07:27:17,325 INFO Đã gửi Đoạn 2/3.
2026-05-19 07:27:17,725 INFO Đã gửi Đoạn 3/3.
2026-05-19 07:27:17,941 INFO TẤT CẢ HOÀN TẤT! File đã được truyền an toàn.
2026-05-19 07:32:56,247 INFO Đang kết nối tới cổng 65433...
2026-05-19 07:32:56,247 INFO Đã kết nối thành công tới cổng 65433.
2026-05-19 07:32:56,247 INFO Đang gửi Hello! để bắt tay...
2026-05-19 07:32:56,255 INFO Handshake thành công (Hello -> Ready).
2026-05-19 07:32:56,255 INFO Tạo Khóa Phiên & Đóng gói Metadata...
2026-05-19 07:32:56,263 INFO Đã gửi Metadata & Khóa Phiên (Được mã hóa RSA).
2026-05-19 07:32:56,275 INFO Máy nhận đã xác thực Metadata thành công.
2026-05-19 07:32:56,275 INFO Đang mã hóa 3DES và chia nhỏ file thành 3 đoạn...
2026-05-19 07:32:56,472 INFO Đã gửi Đoạn 1/3.
2026-05-19 07:32:56,862 INFO Đã gửi Đoạn 2/3.
2026-05-19 07:32:57,267 INFO Đã gửi Đoạn 3/3.
2026-05-19 07:32:57,479 INFO TẤT CẢ HOÀN TẤT! File đã được truyền an toàn.
2026-05-19 07:35:34,616 INFO Đang kết nối tới cổng 65433...
2026-05-19 07:35:34,616 INFO Đã kết nối thành công tới cổng 65433.
2026-05-19 07:35:34,616 INFO Đang gửi Hello! để bắt tay...
2026-05-19 07:35:34,622 INFO Handshake thành công (Hello -> Ready).
2026-05-19 07:35:34,625 INFO Tạo Khóa Phiên & Đóng gói Metadata...
2026-05-19 07:35:34,625 INFO Đã gửi Metadata & Khóa Phiên (Được mã hóa RSA).
2026-05-19 07:35:34,640 INFO Máy nhận đã xác thực Metadata thành công.
2026-05-19 07:35:34,640 INFO Đang mã hóa 3DES và chia nhỏ file thành 3 đoạn...
2026-05-19 07:35:34,836 INFO Đã gửi Đoạn 1/3.
2026-05-19 07:35:35,232 INFO Đã gửi Đoạn 2/3.
2026-05-19 07:35:35,609 INFO Đã gửi Đoạn 3/3.
2026-05-19 07:35:35,822 INFO TẤT CẢ HOÀN TẤT! File đã được truyền an toàn.
2026-05-19 07:40:24,265 INFO Đang kết nối tới cổng 65432...
2026-05-19 07:40:24,271 INFO Đang gửi Hello! để bắt tay...
2026-05-19 07:40:24,272 INFO Handshake thành công (Nhận được Ready!).
2026-05-19 07:40:28,617 INFO Đã reset trạng thái.
2026-05-19 07:40:30,322 INFO Đang kết nối tới cổng 65433...
2026-05-19 07:40:30,322 INFO Đang gửi Hello! để bắt tay...
2026-05-19 07:40:30,326 INFO Handshake thành công (Nhận được Ready!).
2026-05-19 07:40:40,146 INFO Đã reset trạng thái.
2026-05-19 07:40:47,704 INFO Đang kết nối tới cổng 65433...
2026-05-19 07:40:47,705 INFO Đang gửi Hello! để bắt tay...
2026-05-19 07:40:47,706 INFO Handshake thành công (Nhận được Ready!).
2026-05-19 07:41:00,699 INFO Tạo Khóa Phiên (3DES) & Đóng gói Metadata...
2026-05-19 07:41:00,712 INFO Đã gửi Metadata & Khóa Phiên (Mã hóa bằng RSA Public Key).
2026-05-19 07:41:00,722 INFO Máy nhận đã xác thực Metadata thành công.
2026-05-19 07:41:14,445 INFO Đang mã hóa 3DES và ký số đoạn 1...
2026-05-19 07:41:14,696 INFO Đã gửi Đoạn 1/3.
2026-05-19 07:41:15,022 INFO Máy nhận phản hồi thành công (ACK) đoạn 1.
2026-05-19 07:41:19,005 INFO Đang mã hóa 3DES và ký số đoạn 2...
2026-05-19 07:41:19,258 INFO Đã gửi Đoạn 2/3.
2026-05-19 07:41:19,554 INFO Máy nhận phản hồi thành công (ACK) đoạn 2.
2026-05-19 07:41:23,397 INFO Đang mã hóa 3DES và ký số đoạn 3...
2026-05-19 07:41:23,643 INFO Đã gửi Đoạn 3/3.
2026-05-19 07:41:23,933 INFO Máy nhận phản hồi thành công (ACK) đoạn 3.
2026-05-19 07:41:23,944 INFO TẤT CẢ HOÀN TẤT! File đã được truyền an toàn.
2026-05-19 07:44:55,044 INFO Đang kết nối tới cổng 65433...
2026-05-19 07:44:55,055 INFO Đang gửi 'Hello!' để bắt tay...
2026-05-19 07:45:03,840 INFO Handshake thành công (Nhận được Ready!).
2026-05-19 07:45:09,062 INFO Tạo Khóa Phiên (3DES) & Đóng gói Metadata...
2026-05-19 07:45:09,072 INFO Đã gửi Metadata & Khóa Phiên (Mã hóa bằng RSA Public Key).
2026-05-19 07:45:09,090 INFO Máy nhận đã xác thực Metadata thành công.
2026-05-19 07:45:16,435 INFO Đang mã hóa 3DES và ký số đoạn 1...
2026-05-19 07:45:16,636 INFO Đã gửi Đoạn 1/3.
2026-05-19 07:45:16,862 INFO Máy nhận phản hồi thành công (ACK) đoạn 1.
2026-05-19 07:45:18,187 INFO Đang mã hóa 3DES và ký số đoạn 2...
2026-05-19 07:45:18,374 INFO Đã gửi Đoạn 2/3.
2026-05-19 07:45:18,594 INFO Máy nhận phản hồi thành công (ACK) đoạn 2.
2026-05-19 07:45:19,363 INFO Đang mã hóa 3DES và ký số đoạn 3...
2026-05-19 07:45:19,551 INFO Đã gửi Đoạn 3/3.
2026-05-19 07:45:19,771 INFO Máy nhận phản hồi thành công (ACK) đoạn 3.
2026-05-19 07:45:19,776 INFO TẤT CẢ HOÀN TẤT! File đã được truyền an toàn.
2026-05-24 14:57:33,121 INFO Đang kết nối tới cổng 65432...
2026-05-24 14:57:33,123 INFO Đang gửi 'Hello!' để bắt tay...
2026-05-24 14:57:33,131 INFO Handshake thành công (Nhận được Ready!).
2026-05-24 14:58:02,331 INFO Tạo Khóa Phiên (3DES) & Đóng gói Metadata...
2026-05-24 14:58:02,339 INFO Đã gửi Metadata & Khóa Phiên (Mã hóa bằng RSA Public Key).
2026-05-24 14:58:02,350 ERROR Máy nhận từ chối Metadata: None
2026-05-24 14:58:19,301 INFO Đã reset trạng thái.
2026-05-24 14:58:19,449 INFO Đã reset trạng thái.
2026-05-24 14:58:22,087 INFO Đang kết nối tới cổng 65432...
2026-05-24 14:58:24,142 ERROR Lỗi: [WinError 10061] No connection could be made because the target machine actively refused it
2026-05-24 14:59:08,150 INFO Đang kết nối tới cổng 65432...
2026-05-24 14:59:08,151 INFO Đang gửi 'Hello!' để bắt tay...
2026-05-24 14:59:38,429 INFO Handshake thành công (Nhận được Ready!).
2026-05-24 15:00:18,302 INFO Tạo Khóa Phiên (3DES) & Đóng gói Metadata...
2026-05-24 15:00:18,312 INFO Đã gửi Metadata & Khóa Phiên (Mã hóa bằng RSA Public Key).
2026-05-24 15:00:18,321 INFO Máy nhận đã xác thực Metadata thành công.
2026-05-24 15:00:21,174 INFO Đang mã hóa 3DES và ký số đoạn 1...
2026-05-24 15:00:21,459 INFO Đã gửi Đoạn 1/3.
2026-05-24 15:00:21,693 INFO Máy nhận phản hồi thành công (ACK) đoạn 1.
2026-05-24 15:00:24,893 INFO Đang mã hóa 3DES và ký số đoạn 2...
2026-05-24 15:00:25,145 INFO Đã gửi Đoạn 2/3.
2026-05-24 15:00:25,381 INFO Máy nhận phản hồi thành công (ACK) đoạn 2.
2026-05-24 15:00:26,390 INFO Đang mã hóa 3DES và ký số đoạn 3...
2026-05-24 15:00:26,631 INFO Đã gửi Đoạn 3/3.
2026-05-24 15:00:26,876 INFO Máy nhận phản hồi thành công (ACK) đoạn 3.
2026-05-24 15:00:26,896 INFO TẤT CẢ HOÀN TẤT! File đã được truyền an toàn.
2026-05-24 15:01:00,557 INFO Đã reset trạng thái.
2026-05-24 15:01:14,948 INFO Đang kết nối tới cổng 65433...
2026-05-24 15:01:14,954 INFO Đang gửi 'Hello!' để bắt tay...
2026-05-24 15:01:49,619 INFO Handshake thành công (Nhận được Ready!).
2026-05-24 15:01:51,307 INFO Tạo Khóa Phiên (3DES) & Đóng gói Metadata...
2026-05-24 15:01:51,320 INFO Đã gửi Metadata & Khóa Phiên (Mã hóa bằng RSA Public Key).
2026-05-24 15:01:51,353 INFO Máy nhận đã xác thực Metadata thành công.
2026-05-24 15:01:53,609 INFO Đang mã hóa 3DES và ký số đoạn 1...
2026-05-24 15:01:53,884 INFO Đã gửi Đoạn 1/3.
2026-05-24 15:01:54,199 INFO Máy nhận phản hồi thành công (ACK) đoạn 1.
2026-05-24 15:01:55,863 INFO Đang mã hóa 3DES và ký số đoạn 2...
2026-05-24 15:01:56,138 INFO Đã gửi Đoạn 2/3.
2026-05-24 15:01:56,521 INFO Máy nhận phản hồi thành công (ACK) đoạn 2.
2026-05-24 15:01:56,842 INFO Đang mã hóa 3DES và ký số đoạn 3...
2026-05-24 15:01:57,120 INFO Đã gửi Đoạn 3/3.
2026-05-24 15:01:57,521 INFO Máy nhận phản hồi thành công (ACK) đoạn 3.
2026-05-24 15:01:57,558 INFO TẤT CẢ HOÀN TẤT! File đã được truyền an toàn.
2026-05-24 15:03:04,035 INFO Đã reset trạng thái.
2026-05-24 15:03:05,984 INFO Đã reset trạng thái.
2026-05-24 15:03:06,101 INFO Đã reset trạng thái.
2026-05-24 15:03:06,246 INFO Đã reset trạng thái.
2026-05-24 15:03:06,437 INFO Đã reset trạng thái.
2026-05-24 15:03:07,199 INFO Đã reset trạng thái.
2026-05-24 15:03:07,342 INFO Đã reset trạng thái.
2026-05-24 15:03:07,496 INFO Đã reset trạng thái.
2026-05-24 15:03:11,150 INFO Đang kết nối tới cổng 65433...
2026-05-24 15:03:12,683 INFO Đang gửi 'Hello!' để bắt tay...
2026-05-24 15:03:16,408 INFO Handshake thành công (Nhận được Ready!).
2026-05-24 15:03:19,488 INFO Tạo Khóa Phiên (3DES) & Đóng gói Metadata...
2026-05-24 15:03:19,505 INFO Đã gửi Metadata & Khóa Phiên (Mã hóa bằng RSA Public Key).
2026-05-24 15:03:19,533 INFO Máy nhận đã xác thực Metadata thành công.
2026-05-24 15:03:21,553 INFO Đang mã hóa 3DES và ký số đoạn 1...
2026-05-24 15:03:21,788 INFO Đã gửi Đoạn 1/3.
2026-05-24 15:03:21,956 ERROR Lỗi tại đoạn 1: lỗi integrity
2026-05-26 07:43:30,902 INFO Đang kết nối tới cổng 65432...
2026-05-26 07:43:30,909 INFO Đang gửi 'Hello!' để bắt tay...
2026-05-26 07:43:37,902 INFO Handshake thành công (Nhận được Ready!).
2026-05-26 07:43:40,309 INFO Tạo Khóa Phiên (3DES) & Đóng gói Metadata...
2026-05-26 07:43:40,323 INFO Đã gửi Metadata & Khóa Phiên (Mã hóa bằng RSA Public Key).
2026-05-26 07:43:40,334 INFO Máy nhận đã xác thực Metadata thành công.
2026-05-26 07:43:44,320 INFO Đang mã hóa 3DES và ký số đoạn 1...
2026-05-26 07:43:44,667 INFO Đã gửi Đoạn 1/3.
2026-05-26 07:43:45,149 INFO Máy nhận phản hồi thành công (ACK) đoạn 1.
2026-05-26 07:43:46,363 INFO Đang mã hóa 3DES và ký số đoạn 2...
2026-05-26 07:43:46,727 INFO Đã gửi Đoạn 2/3.
2026-05-26 07:43:47,189 INFO Máy nhận phản hồi thành công (ACK) đoạn 2.
2026-05-26 07:43:47,906 INFO Đang mã hóa 3DES và ký số đoạn 3...
2026-05-26 07:43:48,250 INFO Đã gửi Đoạn 3/3.
2026-05-26 07:43:48,715 INFO Máy nhận phản hồi thành công (ACK) đoạn 3.
2026-05-26 07:43:48,745 INFO TẤT CẢ HOÀN TẤT! File đã được truyền an toàn.
2026-05-26 07:43:53,487 INFO Đã reset trạng thái.
2026-05-26 07:44:05,355 INFO Đang kết nối tới cổng 65433...
2026-05-26 07:44:05,368 INFO Đang gửi 'Hello!' để bắt tay...
2026-05-26 07:44:13,350 INFO Handshake thành công (Nhận được Ready!).
2026-05-26 07:44:19,109 INFO Tạo Khóa Phiên (3DES) & Đóng gói Metadata...
2026-05-26 07:44:19,126 INFO Đã gửi Metadata & Khóa Phiên (Mã hóa bằng RSA Public Key).
2026-05-26 07:44:19,188 INFO Máy nhận đã xác thực Metadata thành công.
2026-05-26 07:44:23,055 INFO Đang mã hóa 3DES và ký số đoạn 1...
2026-05-26 07:44:23,398 INFO Đã gửi Đoạn 1/3.
2026-05-26 07:44:23,952 INFO Máy nhận phản hồi thành công (ACK) đoạn 1.
2026-05-26 07:44:33,925 INFO Đang mã hóa 3DES và ký số đoạn 2...
2026-05-26 07:44:34,235 INFO Đã gửi Đoạn 2/3.
2026-05-26 07:44:34,799 INFO Máy nhận phản hồi thành công (ACK) đoạn 2.
2026-05-26 07:44:35,560 INFO Đang mã hóa 3DES và ký số đoạn 3...
2026-05-26 07:44:35,879 INFO Đã gửi Đoạn 3/3.
2026-05-26 07:44:36,467 INFO Máy nhận phản hồi thành công (ACK) đoạn 3.
2026-05-26 07:44:36,495 INFO TẤT CẢ HOÀN TẤT! File đã được truyền an toàn.
2026-05-26 07:44:48,710 INFO Đã reset trạng thái.
2026-05-26 07:44:57,627 INFO Đang kết nối tới cổng 65433...
2026-05-26 07:44:57,637 INFO Đang gửi 'Hello!' để bắt tay...
2026-05-26 07:44:59,613 INFO Handshake thành công (Nhận được Ready!).
2026-05-26 07:45:06,190 INFO Tạo Khóa Phiên (3DES) & Đóng gói Metadata...
2026-05-26 07:45:06,215 INFO Đã gửi Metadata & Khóa Phiên (Mã hóa bằng RSA Public Key).
2026-05-26 07:45:06,290 INFO Máy nhận đã xác thực Metadata thành công.
2026-05-26 07:45:09,676 INFO Đang mã hóa 3DES và ký số đoạn 1...
2026-05-26 07:45:10,001 INFO Đã gửi Đoạn 1/3.
2026-05-26 07:45:10,268 ERROR Lỗi tại đoạn 1: lỗi integrity
